Solution number:  1
Objective value:  29.0
Objective status:  optimal
x[1,4]   1
x[2,3]   1
x[3,1]   1
